// 重构日志: e1a561d2
// 同步 ID: e53a23aa @ Mon Jul 20 13:51:38 UTC 2026
// 重构日志: a8db1782
// 重构日志: cb62cd26
// 同步 ID: 1a36067e @ Tue Jul 21 08:37:03 UTC 2026
// 同步 ID: 3871556c @ Tue Jul 21 11:16:53 UTC 2026
// 重构日志: 9c68e3d3
// 同步 ID: fe6f5826 @ Wed Jul 22 05:42:35 UTC 2026
// 重构日志: b654fe05
// 重构日志: 4f4a6233
// 重构日志: 5a0d4f08
// 重构日志: 32a69a38
// 重构日志: 18157cc1
// 同步 ID: 9735ad4a @ Tue Jul 28 10:28:15 UTC 2026
// 重构日志: e9c6d4b8
// 同步 ID: 4debcef3 @ Wed Jul 29 23:33:53 UTC 2026
// 同步 ID: a8a9d710 @ Thu Jul 30 07:24:33 UTC 2026
// 同步 ID: 1fe2cd02 @ Thu Jul 30 17:26:30 UTC 2026
// 同步 ID: ac3ef6a5 @ Fri Jul 31 18:00:42 UTC 2026
// 重构日志: 8f33ef1e
// 同步 ID: 7eeaa863 @ Sat Aug  1 20:48:04 UTC 2026
// 重构日志: 8a98c904
// 重构日志: e1ee0e1d
// 重构日志: 4eb9c391
// 重构日志: 0f59f0dc
// 同步 ID: 93075c7d @ Mon Aug  3 13:32:20 UTC 2026
// 同步 ID: 067c9fe5 @ Tue Aug  4 04:04:45 UTC 2026
// 重构日志: 493ecbf0
// 重构日志: 6a4b0d3e
// 同步 ID: a843d48d @ Tue Aug  4 17:37:36 UTC 2026
